a: {
    b: {
        c: 1
    }
}
d: {
    e: {
        f: {
            g: 1
        }
    }
}
h: {
    i: {
        j: {
            k: 1
        }
    }
}
l: {
    m: {
        n: {
            o: 1
        }
    }
}
p: {
    q: {
        r: {
            s: 1
        }
    }
}
t: {
    u: {
        v: {
            w: 1
        }
    }
}