{
    "a": 1,
    "seen": [
        {
            "data": " ",
            "args": null
        },
        {
            "data": "",
            "args": null
        },
        {
            "data": " /* c */",
            "args": null
        },
        {
            "data": "",
            "args": null
        }
    ],
    "b": 2
}