{
    "seen": [
        {
            "data": "v",
            "args": {
                "a": 1,
                "b": "s",
                "c": [
                    1,
                    2
                ]
            }
        },
        {
            "data": "v",
            "args": {}
        },
        {
            "data": "v",
            "args": null
        },
        {
            "data": "v",
            "args": {
                "n": [                    1,
                    2]
            }
        },
        {
            "data": "v",
            "args": {
                "o": {
                    "p": 1
                }
            }
        }
    ]
}