{"integers":{"decimal":42,"hex":255,"octal":"0o755","binary":"0b11010101"},"floats":{"simple":3.141590,"scientific":0.000123,"negative_exp":2.5e-10,"positive_exp":1500000.0},"sizes_binary":{"bytes":"1024b","kilobytes":65536,"megabytes":536870912,"gigabytes":2147483648,"terabytes":"1tb"},"sizes_decimal":{"kilobytes_decimal":1000000,"megabytes_decimal":100000000,"gigabytes_decimal":5000000000},"times":{"milliseconds":0.500000,"seconds":30.0,"minutes":300.0,"hours":7200.0,"days":604800.0,"weeks":1209600.0,"years":31536000.0},"special":{"infinity":inf,"negative_infinity":"-inf","not_a_number":nan}}