{
    "section": [
        {
            "foo": {
                "bar": {
                    "key": "value"
                }
            }
        },
        {
            "foo": {
                "baz": {
                    "key": "value2"
                }
            }
        },
        {
            "foo": {
                "bar": "lol"
            }
        }
    ]
}