d: {
    o: {
        b: [
            {
                x: 1
            },
            5
        ],
        a: [
            1
        ],
        s: [            1,
            2],
        t: [            5,
            {
                x: 1
            }]
    },
    p: {
        q: {
            b: [
                {
                    x: 1
                },
                5
            ]
        }
    },
    r: [
        {
            b: [
                {
                    x: 1
                },
                5
            ]
        }
    ]
}
e: {
    o: {
        b: {
            x: 1
        },
        a: [
            1
        ],
        s: [            1,
            2],
        t: [            5,
            {
                x: 1
            }]
    },
    p: {
        q: {
            b: {
                x: 1
            }
        }
    },
    r: [
        {
            b: {
                x: 1
            }
        }
    ]
}