{
    "section": [
        {
            "blah": {
                "param": "value"
            }
        },
        {
            "test": {
                "key": "test",
                "subsection": {
                    "testsub": {
                        "flag": true,
                        "subsubsection": {
                            "testsubsub1": {
                                "testsubsub2": {
                                    "key": [
                                        1,
                                        2,
                                        3
                                    ]
                                }
                            }
                        }
                    }
                }
            }
        },
        {
            "test": {}
        },
        {
            "foo": {
                "param": 123.200000
            }
        }
    ],
    "array": []
}